Archive member included to satisfy reference by file (symbol)

esp-idf/esp_bootloader_format/libesp_bootloader_format.a(esp_bootloader_desc.c.obj)
                              (esp_bootloader_desc)
esp-idf/bootloader_support/libbootloader_support.a(bootloader_panic.c.obj)
                              (__assert_func)
esp-idf/main/libmain.a(bootloader_start.c.obj)
                              (call_start_cpu0)
esp-idf/riscv/libriscv.a(rv_utils.c.obj)
                              esp-idf/bootloader_support/libbootloader_support.a(bootloader_panic.c.obj) (rv_utils_dbgr_is_attached)
esp-idf/bootloader_support/libbootloader_support.a(bootloader_utility.c.obj)
                              esp-idf/main/libmain.a(bootloader_start.c.obj) (bootloader_utility_load_partition_table)
esp-idf/bootloader_support/libbootloader_support.a(flash_partitions.c.obj)
                              esp-idf/bootloader_support/libbootloader_support.a(bootloader_utility.c.obj) (esp_partition_table_verify)
esp-idf/bootloader_support/libbootloader_support.a(esp_image_format.c.obj)
                              esp-idf/bootloader_support/libbootloader_support.a(bootloader_utility.c.obj) (bootloader_load_image)
esp-idf/bootloader_support/libbootloader_support.a(bootloader_sha.c.obj)
                              esp-idf/bootloader_support/libbootloader_support.a(bootloader_utility.c.obj) (bootloader_sha256_start)
esp-idf/bootloader_support/libbootloader_support.a(bootloader_console_loader.c.obj)
                              esp-idf/bootloader_support/libbootloader_support.a(bootloader_utility.c.obj) (bootloader_console_deinit)
esp-idf/bootloader_support/libbootloader_support.a(bootloader_soc.c.obj)
                              esp-idf/bootloader_support/libbootloader_support.a(bootloader_utility.c.obj) (bootloader_ana_clock_glitch_reset_config)
esp-idf/bootloader_support/libbootloader_support.a(bootloader_esp32c61.c.obj)
                              esp-idf/main/libmain.a(bootloader_start.c.obj) (bootloader_init)
esp-idf/bootloader_support/libbootloader_support.a(bootloader_common_loader.c.obj)
                              esp-idf/bootloader_support/libbootloader_support.a(bootloader_utility.c.obj) (bootloader_common_ota_select_crc)
esp-idf/bootloader_support/libbootloader_support.a(bootloader_clock_init.c.obj)
                              esp-idf/bootloader_support/libbootloader_support.a(bootloader_esp32c61.c.obj) (bootloader_clock_configure)
esp-idf/bootloader_support/libbootloader_support.a(bootloader_mem.c.obj)
                              esp-idf/bootloader_support/libbootloader_support.a(bootloader_esp32c61.c.obj) (bootloader_init_mem)
esp-idf/bootloader_support/libbootloader_support.a(bootloader_random.c.obj)
                              esp-idf/bootloader_support/libbootloader_support.a(esp_image_format.c.obj) (bootloader_fill_random)
esp-idf/bootloader_support/libbootloader_support.a(bootloader_random_esp32c61.c.obj)
                              esp-idf/bootloader_support/libbootloader_support.a(bootloader_utility.c.obj) (bootloader_random_disable)
esp-idf/bootloader_support/libbootloader_support.a(bootloader_flash.c.obj)
                              esp-idf/bootloader_support/libbootloader_support.a(bootloader_utility.c.obj) (bootloader_mmap_get_free_pages)
esp-idf/bootloader_support/libbootloader_support.a(bootloader_flash_config_esp32c61.c.obj)
                              esp-idf/bootloader_support/libbootloader_support.a(bootloader_esp32c61.c.obj) (bootloader_flash_update_id)
esp-idf/bootloader_support/libbootloader_support.a(bootloader_init.c.obj)
                              esp-idf/bootloader_support/libbootloader_support.a(bootloader_esp32c61.c.obj) (bootloader_clear_bss_section)
esp-idf/bootloader_support/libbootloader_support.a(bootloader_console.c.obj)
                              esp-idf/bootloader_support/libbootloader_support.a(bootloader_esp32c61.c.obj) (bootloader_console_init)
esp-idf/efuse/libefuse.a(esp_efuse_fields.c.obj)
                              esp-idf/bootloader_support/libbootloader_support.a(bootloader_utility.c.obj) (esp_efuse_is_flash_encryption_enabled)
esp-idf/efuse/libefuse.a(esp_efuse_utility.c.obj)
                              esp-idf/efuse/libefuse.a(esp_efuse_fields.c.obj) (esp_efuse_utility_reset)
esp-idf/efuse/libefuse.a(esp_efuse_api_key.c.obj)
                              esp-idf/efuse/libefuse.a(esp_efuse_fields.c.obj) (esp_efuse_get_coding_scheme)
esp-idf/efuse/libefuse.a(esp_efuse_table.c.obj)
                              esp-idf/efuse/libefuse.a(esp_efuse_api_key.c.obj) (ESP_EFUSE_KEY5)
esp-idf/efuse/libefuse.a(esp_efuse_utility.c.obj)
                              esp-idf/efuse/libefuse.a(esp_efuse_utility.c.obj) (esp_efuse_utility_clear_program_registers)
esp-idf/efuse/libefuse.a(esp_efuse_api.c.obj)
                              esp-idf/efuse/libefuse.a(esp_efuse_fields.c.obj) (esp_efuse_read_field_blob)
[...]
Memory Configuration

Name             Origin             Length             Attributes
iram_seg         0x4083b970         0x00002d00         xrw
iram_loader_seg  0x4083e670         0x00007000         xrw
dram_seg         0x40845670         0x00005000         rw
*default*        0x00000000         0xffffffff

Linker script and memory map

                0x00000000                        IDF_TARGET_ESP32C61 = 0x0
LOAD CMakeFiles/bootloader.elf.dir/project_elf_src_esp32c61.c.obj
LOAD esp-idf/hal/libhal.a
LOAD esp-idf/riscv/libriscv.a
LOAD esp-idf/soc/libsoc.a
LOAD esp-idf/esp_hal_gpio/libesp_hal_gpio.a
LOAD esp-idf/esp_hal_usb/libesp_hal_usb.a
LOAD esp-idf/esp_hal_pmu/libesp_hal_pmu.a
LOAD esp-idf/esp_hal_dma/libesp_hal_dma.a
LOAD esp-idf/esp_hal_gpspi/libesp_hal_gpspi.a
LOAD esp-idf/esp_hal_clock/libesp_hal_clock.a
LOAD esp-idf/spi_flash/libspi_flash.a
LOAD esp-idf/esp_bootloader_format/libesp_bootloader_format.a
LOAD esp-idf/micro-ecc/libmicro-ecc.a
LOAD esp-idf/esp_hal_timg/libesp_hal_timg.a
LOAD esp-idf/esp_hal_wdt/libesp_hal_wdt.a
LOAD esp-idf/esp_hal_uart/libesp_hal_uart.a
LOAD esp-idf/esp_hal_ana_conv/libesp_hal_ana_conv.a
LOAD esp-idf/esp_security/libesp_security.a
LOAD esp-idf/bootloader_support/libbootloader_support.a
LOAD esp-idf/efuse/libefuse.a
LOAD esp-idf/esp_system/libesp_system.a
LOAD esp-idf/esp_hw_support/libesp_hw_support.a
LOAD esp-idf/esp_common/libesp_common.a
LOAD esp-idf/esp_rom/libesp_rom.a
LOAD esp-idf/log/liblog.a
LOAD esp-idf/main/libmain.a
LOAD esp-idf/hal/libhal.a
LOAD esp-idf/riscv/libriscv.a
LOAD esp-idf/soc/libsoc.a
LOAD esp-idf/esp_hal_gpio/libesp_hal_gpio.a
LOAD esp-idf/esp_hal_usb/libesp_hal_usb.a
LOAD esp-idf/esp_hal_pmu/libesp_hal_pmu.a
LOAD esp-idf/esp_hal_dma/libesp_hal_dma.a
LOAD esp-idf/esp_hal_gpspi/libesp_hal_gpspi.a
LOAD esp-idf/esp_hal_clock/libesp_hal_clock.a
LOAD esp-idf/spi_flash/libspi_flash.a
LOAD esp-idf/esp_bootloader_format/libesp_bootloader_format.a
LOAD esp-idf/micro-ecc/libmicro-ecc.a
LOAD esp-idf/esp_hal_timg/libesp_hal_timg.a
LOAD esp-idf/esp_hal_wdt/libesp_hal_wdt.a
LOAD esp-idf/esp_hal_uart/libesp_hal_uart.a
LOAD esp-idf/esp_hal_ana_conv/libesp_hal_ana_conv.a
LOAD esp-idf/esp_security/libesp_security.a
LOAD esp-idf/bootloader_support/libbootloader_support.a
LOAD esp-idf/efuse/libefuse.a
LOAD esp-idf/esp_system/libesp_system.a
LOAD esp-idf/esp_hw_support/libesp_hw_support.a
LOAD esp-idf/esp_common/libesp_common.a
LOAD esp-idf/esp_rom/libesp_rom.a
LOAD esp-idf/log/liblog.a
LOAD esp-idf/hal/libhal.a
LOAD esp-idf/riscv/libriscv.a
LOAD esp-idf/soc/libsoc.a
LOAD esp-idf/esp_hal_gpio/libesp_hal_gpio.a
LOAD esp-idf/esp_hal_usb/libesp_hal_usb.a
LOAD esp-idf/esp_hal_pmu/libesp_hal_pmu.a
LOAD esp-idf/esp_hal_dma/libesp_hal_dma.a
LOAD esp-idf/esp_hal_gpspi/libesp_hal_gpspi.a
LOAD esp-idf/esp_hal_clock/libesp_hal_clock.a
LOAD esp-idf/spi_flash/libspi_flash.a
LOAD esp-idf/esp_bootloader_format/libesp_bootloader_format.a
LOAD esp-idf/micro-ecc/libmicro-ecc.a
LOAD esp-idf/esp_hal_timg/libesp_hal_timg.a
LOAD esp-idf/esp_hal_wdt/libesp_hal_wdt.a
LOAD esp-idf/esp_hal_uart/libesp_hal_uart.a
LOAD esp-idf/esp_hal_ana_conv/libesp_hal_ana_conv.a
LOAD esp-idf/esp_security/libesp_security.a
LOAD esp-idf/bootloader_support/libbootloader_support.a
LOAD esp-idf/efuse/libefuse.a
LOAD esp-idf/esp_system/libesp_system.a
LOAD esp-idf/esp_hw_support/libesp_hw_support.a
LOAD esp-idf/esp_common/libesp_common.a
LOAD esp-idf/esp_rom/libesp_rom.a
LOAD esp-idf/log/liblog.a
LOAD esp-idf/hal/libhal.a
LOAD esp-idf/riscv/libriscv.a
LOAD esp-idf/soc/libsoc.a
LOAD esp-idf/esp_hal_gpio/libesp_hal_gpio.a
LOAD esp-idf/esp_hal_usb/libesp_hal_usb.a
LOAD esp-idf/esp_hal_pmu/libesp_hal_pmu.a
LOAD esp-idf/esp_hal_dma/libesp_hal_dma.a
LOAD esp-idf/esp_hal_gpspi/libesp_hal_gpspi.a
LOAD esp-idf/esp_hal_clock/libesp_hal_clock.a
LOAD esp-idf/spi_flash/libspi_flash.a
LOAD esp-idf/esp_bootloader_format/libesp_bootloader_format.a
LOAD esp-idf/micro-ecc/libmicro-ecc.a
LOAD esp-idf/esp_hal_timg/libesp_hal_timg.a
LOAD esp-idf/esp_hal_wdt/libesp_hal_wdt.a
LOAD esp-idf/esp_hal_uart/libesp_hal_uart.a
LOAD esp-idf/esp_hal_ana_conv/libesp_hal_ana_conv.a
LOAD esp-idf/esp_security/libesp_security.a
LOAD esp-idf/bootloader_support/libbootloader_support.a
LOAD esp-idf/efuse/libefuse.a
LOAD esp-idf/esp_system/libesp_system.a
LOAD esp-idf/esp_hw_support/libesp_hw_support.a
LOAD esp-idf/esp_common/libesp_common.a
LOAD esp-idf/esp_rom/libesp_rom.a
LOAD esp-idf/log/liblog.a
LOAD esp-idf/hal/libhal.a
LOAD esp-idf/riscv/libriscv.a
LOAD esp-idf/soc/libsoc.a
LOAD esp-idf/esp_hal_gpio/libesp_hal_gpio.a
LOAD esp-idf/esp_hal_usb/libesp_hal_usb.a
LOAD esp-idf/esp_hal_pmu/libesp_hal_pmu.a
LOAD esp-idf/esp_hal_dma/libesp_hal_dma.a
LOAD esp-idf/esp_hal_gpspi/libesp_hal_gpspi.a
LOAD esp-idf/esp_hal_clock/libesp_hal_clock.a
LOAD esp-idf/spi_flash/libspi_flash.a
LOAD esp-idf/esp_bootloader_format/libesp_bootloader_format.a
LOAD esp-idf/micro-ecc/libmicro-ecc.a
LOAD esp-idf/esp_hal_timg/libesp_hal_timg.a
LOAD esp-idf/esp_hal_wdt/libesp_hal_wdt.a
LOAD esp-idf/esp_hal_uart/libesp_hal_uart.a
LOAD esp-idf/esp_hal_ana_conv/libesp_hal_ana_conv.a
LOAD esp-idf/esp_security/libesp_security.a
LOAD esp-idf/bootloader_support/libbootloader_support.a
LOAD esp-idf/efuse/libefuse.a
LOAD esp-idf/esp_system/libesp_system.a
LOAD esp-idf/esp_hw_support/libesp_hw_support.a
LOAD esp-idf/esp_common/libesp_common.a
LOAD esp-idf/esp_rom/libesp_rom.a
LOAD esp-idf/log/liblog.a
LOAD C:/Espressif/tools/riscv32-esp-elf/esp-15.2.0_20251204/riscv32-esp-elf/bin/../riscv32-esp-elf/../picolibc/lib/gcc/riscv32-esp-elf/15.2.0/rv32imac_zicsr_zifencei_zaamo_zalrsc/ilp32/no-rtti\libgcc.a
START GROUP
LOAD C:/Espressif/tools/riscv32-esp-elf/esp-15.2.0_20251204/riscv32-esp-elf/bin/../riscv32-esp-elf/../picolibc/lib/gcc/riscv32-esp-elf/15.2.0/rv32imac_zicsr_zifencei_zaamo_zalrsc/ilp32/no-rtti\libgcc.a
LOAD C:/Espressif/tools/riscv32-esp-elf/esp-15.2.0_20251204/riscv32-esp-elf/bin/../riscv32-esp-elf/../picolibc/riscv32-esp-elf/lib/rv32imac_zicsr_zifencei_zaamo_zalrsc/ilp32/no-rtti\libc.a
END GROUP
LOAD C:/Espressif/tools/riscv32-esp-elf/esp-15.2.0_20251204/riscv32-esp-elf/bin/../riscv32-esp-elf/../picolibc/lib/gcc/riscv32-esp-elf/15.2.0/rv32imac_zicsr_zifencei_zaamo_zalrsc/ilp32/no-rtti\libgcc.a
                0x40000018                        rtc_get_reset_reason = 0x40000018
                0x4000001c                        rtc_get_wakeup_cause = 0x4000001c
                0x40000020                        pmu_enable_unhold_pads = 0x40000020
                0x40000024                        ets_printf = 0x40000024
                0x40000028                        ets_install_putc1 = 0x40000028
                0x4000002c                        ets_install_putc2 = 0x4000002c
                0x40000030                        ets_install_uart_printf = 0x40000030
                0x40000034                        ets_install_usb_printf = 0x40000034
                0x40000038                        ets_get_printf_channel = 0x40000038
                0x4000003c                        PROVIDE (ets_delay_us = 0x4000003c)
                0x40000040                        ets_get_cpu_frequency = 0x40000040
                0x40000044                        ets_update_cpu_frequency = 0x40000044
                0x40000048                        ets_install_lock = 0x40000048
                0x4000004c                        UartRxString = 0x4000004c
                0x40000050                        UartGetCmdLn = 0x40000050
                0x40000054                        uart_tx_one_char = 0x40000054
                0x40000058                        uart_tx_one_char2 = 0x40000058
                0x4000005c                        uart_tx_one_char3 = 0x4000005c
                0x40000060                        uart_rx_one_char = 0x40000060
                0x40000064                        uart_rx_one_char_block = 0x40000064
                0x40000068                        uart_rx_intr_handler = 0x40000068
                0x4000006c                        uart_rx_readbuff = 0x4000006c
                0x40000070                        uartAttach = 0x40000070
                0x40000074                        uart_tx_flush = 0x40000074
                0x40000078                        uart_tx_wait_idle = 0x40000078
                0x4000007c                        uart_div_modify = 0x4000007c
                0x40000080                        ets_write_char_uart = 0x40000080
                0x40000084                        uart_tx_switch = 0x40000084
                0x40000088                        uart_buff_switch = 0x40000088
                0x4000008c                        roundup2 = 0x4000008c
                0x40000090                        multofup = 0x40000090
                0x40000094                        software_reset = 0x40000094
                0x40000098                        software_reset_cpu = 0x40000098
                0x4000009c                        ets_clk_assist_debug_clock_enable = 0x4000009c
                0x400000a0                        clear_super_wdt_reset_flag = 0x400000a0
                0x400000a4                        disable_default_watchdog = 0x400000a4
                0x400000b0                        send_packet = 0x400000b0
                0x400000b4                        recv_packet = 0x400000b4
                0x400000b8                        GetUartDevice = 0x400000b8
                0x400000bc                        UartDwnLdProc = 0x400000bc
                0x400000c0                        GetSecurityInfoProc = 0x400000c0
                0x400000c4                        Uart_Init = 0x400000c4
                0x400000c8                        ets_set_user_start = 0x400000c8
                0x4003fffc                        ets_rom_layout_p = 0x4003fffc
                0x4084fff8                        ets_ops_table_ptr = 0x4084fff8
                0x4084fffc                        g_saved_pc = 0x4084fffc
                0x400000cc                        mz_adler32 = 0x400000cc
                0x400000d0                        mz_free = 0x400000d0
                0x400000d4                        tdefl_compress = 0x400000d4
                0x400000d8                        tdefl_compress_buffer = 0x400000d8
                0x400000dc                        tdefl_compress_mem_to_heap = 0x400000dc
                0x400000e0                        tdefl_compress_mem_to_mem = 0x400000e0
                0x400000e4                        tdefl_compress_mem_to_output = 0x400000e4
                0x400000e8                        tdefl_get_adler32 = 0x400000e8
                0x400000ec                        tdefl_get_prev_return_status = 0x400000ec
                0x400000f0                        tdefl_init = 0x400000f0
                0x400000f4                        tdefl_write_image_to_png_file_in_memory = 0x400000f4
                0x400000f8                        tdefl_write_image_to_png_file_in_memory_ex = 0x400000f8
                0x400000fc                        tinfl_decompress = 0x400000fc
                0x40000100                        tinfl_decompress_mem_to_callback = 0x40000100
                0x40000104                        tinfl_decompress_mem_to_heap = 0x40000104
                0x40000108                        tinfl_decompress_mem_to_mem = 0x40000108
                0x4000010c                        jd_prepare = 0x4000010c
                0x40000110                        jd_decomp = 0x40000110
                0x40000114                        esp_rom_spi_cmd_config = 0x40000114
                0x40000118                        esp_rom_spi_cmd_start = 0x40000118
                0x4000011c                        esp_rom_spi_set_op_mode = 0x4000011c
                0x40000120                        esp_rom_spiflash_wait_idle = 0x40000120
                0x40000124                        esp_rom_spiflash_write_encrypted = 0x40000124
                0x40000128                        esp_rom_spiflash_write_encrypted_dest = 0x40000128
                0x4000012c                        esp_rom_spiflash_write_encrypted_enable = 0x4000012c
                0x40000130                        esp_rom_spiflash_write_encrypted_disable = 0x40000130
                0x40000134                        esp_rom_spiflash_erase_chip = 0x40000134
                0x40000138                        _esp_rom_spiflash_erase_sector = 0x40000138
                0x4000013c                        _esp_rom_spiflash_erase_block = 0x4000013c
                0x40000140                        _esp_rom_spiflash_write = 0x40000140
                0x40000144                        _esp_rom_spiflash_read = 0x40000144
                0x40000148                        _esp_rom_spiflash_unlock = 0x40000148
                0x4000014c                        _SPIEraseArea = 0x4000014c
                0x40000150                        _SPI_write_enable = 0x40000150
                0x40000154                        esp_rom_spiflash_erase_sector = 0x40000154
                0x40000158                        esp_rom_spiflash_erase_block = 0x40000158
                0x4000015c                        esp_rom_spiflash_write = 0x4000015c
                0x40000160                        esp_rom_spiflash_read = 0x40000160
                0x40000164                        esp_rom_spiflash_unlock = 0x40000164
                0x40000168                        SPIEraseArea = 0x40000168
                0x4000016c                        SPI_write_enable = 0x4000016c
                0x40000170                        esp_rom_spiflash_config_param = 0x40000170
                0x40000174                        esp_rom_spiflash_read_user_cmd = 0x40000174
                0x40000178                        esp_rom_spiflash_select_qio_pins = 0x40000178
                0x4000017c                        esp_rom_spi_flash_auto_sus_res = 0x4000017c
                0x40000180                        esp_rom_spi_flash_send_resume = 0x40000180
                0x40000184                        esp_rom_spi_flash_update_id = 0x40000184
                0x40000188                        esp_rom_spiflash_config_clk = 0x40000188
                0x4000018c                        esp_rom_spiflash_config_readmode = 0x4000018c
                0x40000190                        esp_rom_spiflash_read_status = 0x40000190
                0x40000194                        esp_rom_spiflash_read_statushigh = 0x40000194
                0x40000198                        esp_rom_spiflash_write_status = 0x40000198
                0x4000019c                        esp_rom_spiflash_write_disable = 0x4000019c
                0x400001a0                        spi_cache_mode_switch = 0x400001a0
                0x400001a4                        spi_common_set_dummy_output = 0x400001a4
                0x400001a8                        spi_common_set_flash_cs_timing = 0x400001a8
                0x400001ac                        esp_rom_spi_set_address_bit_len = 0x400001ac
                0x400001b0                        SPILock = 0x400001b0
                0x400001b4                        SPIMasterReadModeCnfig = 0x400001b4
                0x400001b8                        SPI_Common_Command = 0x400001b8
                0x400001bc                        SPI_WakeUp = 0x400001bc
                0x400001c0                        SPI_block_erase = 0x400001c0
                0x400001c4                        SPI_chip_erase = 0x400001c4
                0x400001c8                        SPI_init = 0x400001c8
                0x400001cc                        SPI_page_program = 0x400001cc
                0x400001d0                        SPI_read_data = 0x400001d0
                0x400001d4                        SPI_sector_erase = 0x400001d4
                0x400001d8                        SelectSpiFunction = 0x400001d8
                0x400001dc                        SetSpiDrvs = 0x400001dc
                0x400001e0                        Wait_SPI_Idle = 0x400001e0
                0x400001e4                        spi_dummy_len_fix = 0x400001e4
                0x400001e8                        Disable_QMode = 0x400001e8
                0x400001ec                        Enable_QMode = 0x400001ec
                0x400001f0                        spi_flash_attach = 0x400001f0
                0x400001f4                        spi_flash_get_chip_size = 0x400001f4
                0x400001f8                        spi_flash_guard_set = 0x400001f8
                0x400001fc                        spi_flash_guard_get = 0x400001fc
                0x40000200                        spi_flash_read_encrypted = 0x40000200
                0x4084fff0                        rom_spiflash_legacy_funcs = 0x4084fff0
                0x4084ffec                        rom_spiflash_legacy_data = 0x4084ffec
                0x4084fff4                        g_flash_guard_ops = 0x4084fff4
                0x40000614                        Cache_Get_Line_Size = 0x40000614
                0x40000618                        Cache_Get_Mode = 0x40000618
                0x4000061c                        Cache_Address_Through_Cache = 0x4000061c
                0x40000620                        ROM_Boot_Cache_Init = 0x40000620
                0x40000624                        MMU_Set_Page_Mode = 0x40000624
                0x40000628                        MMU_Get_Page_Mode = 0x40000628
                0x4000062c                        Cache_Sync_Items = 0x4000062c
                0x40000630                        Cache_Op_Addr = 0x40000630
                0x40000634                        Cache_Invalidate_Addr = 0x40000634
                0x40000638                        Cache_Clean_Addr = 0x40000638
                [!provide]                        PROVIDE (Cache_WriteBack_Addr = 0x4000063c)
                [!provide]                        PROVIDE (Cache_WriteBack_Invalidate_Addr = 0x40000640)
                0x40000644                        Cache_Invalidate_All = 0x40000644
                0x40000648                        Cache_Clean_All = 0x40000648
                [!provide]                        PROVIDE (Cache_WriteBack_All = 0x4000064c)
                [!provide]                        PROVIDE (Cache_WriteBack_Invalidate_All = 0x40000650)
                0x40000654                        Cache_Mask_All = 0x40000654
                0x40000658                        Cache_UnMask_Dram0 = 0x40000658
                0x4000065c                        Cache_Suspend_Autoload = 0x4000065c
                0x40000660                        Cache_Resume_Autoload = 0x40000660
                0x40000664                        Cache_Start_Preload = 0x40000664
                0x40000668                        Cache_Preload_Done = 0x40000668
                0x4000066c                        Cache_End_Preload = 0x4000066c
                0x40000670                        Cache_Config_Autoload = 0x40000670
                0x40000674                        Cache_Enable_Autoload = 0x40000674
                0x40000678                        Cache_Disable_Autoload = 0x40000678
                0x4000067c                        Cache_Enable_PreLock = 0x4000067c
                0x40000680                        Cache_Disable_PreLock = 0x40000680
                0x40000684                        Cache_Lock_Items = 0x40000684
                0x40000688                        Cache_Lock_Addr = 0x40000688
                0x4000068c                        Cache_Unlock_Addr = 0x4000068c
                0x40000690                        Cache_Disable_Cache = 0x40000690
                0x40000694                        Cache_Enable_Cache = 0x40000694
                0x40000698                        Cache_Suspend_Cache = 0x40000698
                0x4000069c                        Cache_Resume_Cache = 0x4000069c
                0x400006a0                        Cache_Freeze_Enable = 0x400006a0
                0x400006a4                        Cache_Freeze_Disable = 0x400006a4
                0x400006a8                        Cache_Set_IDROM_MMU_Size = 0x400006a8
                0x400006ac                        Cache_Get_IROM_MMU_End = 0x400006ac
                0x400006b0                        Cache_Get_DROM_MMU_End = 0x400006b0
                0x400006b4                        Cache_MMU_Init = 0x400006b4
                0x400006b8                        Cache_MSPI_MMU_Set = 0x400006b8
                0x400006bc                        Cache_MSPI_MMU_Set_Secure = 0x400006bc
                0x400006c0                        Cache_Count_Flash_Pages = 0x400006c0
                0x400006c4                        Cache_Travel_Tag_Memory = 0x400006c4
                0x400006c8                        Cache_Get_Virtual_Addr = 0x400006c8
                0x400006cc                        flash2spiram_instruction_offset = 0x400006cc
                0x400006d0                        flash2spiram_rodata_offset = 0x400006d0
                0x400006d4                        flash_instr_rodata_start_page = 0x400006d4
                0x400006d8                        flash_instr_rodata_end_page = 0x400006d8
                0x400006dc                        Cache_Set_IDROM_MMU_Info = 0x400006dc
                0x400006e0                        Cache_Flash_To_SPIRAM_Copy = 0x400006e0
                0x4084ffcc                        rom_cache_op_cb = 0x4084ffcc
                0x4084ffc8                        rom_cache_internal_table_ptr = 0x4084ffc8
                0x400006e4                        ets_clk_get_xtal_freq = 0x400006e4
                0x400006e8                        ets_clk_get_cpu_freq = 0x400006e8
                0x400006ec                        rom_gpio_set_output_level = 0x400006ec
                0x400006f0                        rom_gpio_get_input_level = 0x400006f0
                0x400006f4                        rom_gpio_matrix_in = 0x400006f4
                0x400006f8                        rom_gpio_matrix_out = 0x400006f8
                0x400006fc                        rom_gpio_bypass_matrix_in = 0x400006fc
                0x40000700                        rom_gpio_output_disable = 0x40000700
                0x40000704                        rom_gpio_output_enable = 0x40000704
                0x40000708                        rom_gpio_pad_input_disable = 0x40000708
                0x4000070c                        rom_gpio_pad_input_enable = 0x4000070c
                0x40000710                        rom_gpio_pad_pulldown = 0x40000710
                0x40000714                        rom_gpio_pad_pullup = 0x40000714
                0x40000718                        rom_gpio_pad_select_gpio = 0x40000718
                0x4000071c                        rom_gpio_pad_set_drv = 0x4000071c
                0x40000720                        rom_gpio_pad_unhold = 0x40000720
                0x40000724                        rom_gpio_pad_hold = 0x40000724
                0x40000728                        esprv_intc_int_set_priority = 0x40000728
                0x4000072c                        esprv_intc_int_set_threshold = 0x4000072c
                0x40000730                        esprv_intc_int_enable = 0x40000730
                0x40000734                        esprv_intc_int_disable = 0x40000734
                0x40000738                        esprv_intc_int_set_type = 0x40000738
                [!provide]                        PROVIDE (intr_handler_set = 0x4000073c)
                0x40000740                        intr_matrix_set = 0x40000740
                0x40000744                        ets_intr_register_ctx = 0x40000744
                0x40000748                        ets_intr_lock = 0x40000748
                0x4000074c                        ets_intr_unlock = 0x4000074c
                0x40000750                        ets_isr_attach = 0x40000750
                0x40000754                        ets_isr_mask = 0x40000754
                0x40000758                        ets_isr_unmask = 0x40000758
                0x4000075c                        crc32_le = 0x4000075c
                0x40000760                        crc16_le = 0x40000760
                0x40000764                        crc8_le = 0x40000764
                0x40000768                        crc32_be = 0x40000768
                0x4000076c                        crc16_be = 0x4000076c
                0x40000770                        crc8_be = 0x40000770
                0x40000774                        esp_crc8 = 0x40000774
                0x4003fff8                        crc32_le_table_ptr = 0x4003fff8
                0x4003fff4                        crc16_le_table_ptr = 0x4003fff4
                0x4003fff0                        crc8_le_table_ptr = 0x4003fff0
                0x4003ffec                        crc32_be_table_ptr = 0x4003ffec
                0x4003ffe8                        crc16_be_table_ptr = 0x4003ffe8
                0x4003ffe4                        crc8_be_table_ptr = 0x4003ffe4
                0x40000778                        md5_vector = 0x40000778
                0x4000077c                        MD5Init = 0x4000077c
                0x40000780                        MD5Update = 0x40000780
                0x40000784                        MD5Final = 0x40000784
                0x40000788                        ets_sha_enable = 0x40000788
                0x4000078c                        ets_sha_disable = 0x4000078c
                0x40000790                        ets_sha_get_state = 0x40000790
                0x40000794                        ets_sha_init = 0x40000794
                0x40000798                        ets_sha_process = 0x40000798
                0x4000079c                        ets_sha_starts = 0x4000079c
                0x400007a0                        ets_sha_update = 0x400007a0
                0x400007a4                        ets_sha_finish = 0x400007a4
                0x400007a8                        ets_sha_clone = 0x400007a8
                0x400007ac                        ets_efuse_read = 0x400007ac
                0x400007b0                        ets_efuse_program = 0x400007b0
                0x400007b4                        ets_efuse_clear_program_registers = 0x400007b4
                0x400007b8                        ets_efuse_write_key = 0x400007b8
                0x400007bc                        ets_efuse_get_read_register_address = 0x400007bc
                0x400007c0                        ets_efuse_get_key_purpose = 0x400007c0
                0x400007c4                        ets_efuse_key_block_unused = 0x400007c4
                0x400007c8                        ets_efuse_find_unused_key_block = 0x400007c8
                0x400007cc                        ets_efuse_rs_calculate = 0x400007cc
                0x400007d0                        ets_efuse_count_unused_key_blocks = 0x400007d0
                0x400007d4                        ets_efuse_secure_boot_enabled = 0x400007d4
                0x400007d8                        ets_efuse_secure_boot_aggressive_revoke_enabled = 0x400007d8
                0x400007dc                        ets_efuse_cache_encryption_enabled = 0x400007dc
                0x400007e0                        ets_efuse_download_modes_disabled = 0x400007e0
                0x400007e4                        ets_efuse_find_purpose = 0x400007e4
                0x400007e8                        ets_efuse_force_send_resume = 0x400007e8
                0x400007ec                        ets_efuse_get_flash_delay_us = 0x400007ec
                0x400007f0                        ets_efuse_get_uart_print_control = 0x400007f0
                0x400007f4                        ets_efuse_direct_boot_mode_disabled = 0x400007f4
                0x400007f8                        ets_efuse_security_download_modes_enabled = 0x400007f8
                0x400007fc                        ets_efuse_jtag_disabled = 0x400007fc
                0x40000800                        ets_efuse_usb_print_is_disabled = 0x40000800
                0x40000804                        ets_efuse_usb_download_mode_disabled = 0x40000804
                0x40000808                        ets_efuse_usb_device_disabled = 0x40000808
                0x40000810                        _rom_ets_ecdsa_verify = 0x40000810
                0x40000818                        _rom_ets_secure_boot_verify_signature = 0x40000818
                0x4000081c                        ets_secure_boot_read_key_digests = 0x4000081c
                0x40000820                        ets_secure_boot_revoke_public_key_digest = 0x40000820
                0x40000a20                        usb_serial_device_rx_one_char = 0x40000a20
                0x40000a24                        usb_serial_device_rx_one_char_block = 0x40000a24
                0x40000a28                        usb_serial_device_tx_flush = 0x40000a28
                0x40000a2c                        usb_serial_device_tx_one_char = 0x40000a2c
                0x400014dc                        lldesc_build_chain = 0x400014dc
                0x400014e0                        sip_after_tx_complete = 0x400014e0
                0x400014e4                        sip_alloc_to_host_evt = 0x400014e4
                0x400014e8                        sip_download_begin = 0x400014e8
                0x400014ec                        sip_get_ptr = 0x400014ec
                0x400014f0                        sip_get_state = 0x400014f0
                0x400014f4                        sip_init_attach = 0x400014f4
                0x400014f8                        sip_install_rx_ctrl_cb = 0x400014f8
                0x400014fc                        sip_install_rx_data_cb = 0x400014fc
                0x40001500                        sip_is_active = 0x40001500
                0x40001504                        sip_post_init = 0x40001504
                0x40001508                        sip_reclaim_from_host_cmd = 0x40001508
                0x4000150c                        sip_reclaim_tx_data_pkt = 0x4000150c
                0x40001510                        sip_send = 0x40001510
                0x40001514                        sip_to_host_chain_append = 0x40001514
                0x40001518                        sip_to_host_evt_send_done = 0x40001518
                0x4000151c                        slc_add_credits = 0x4000151c
                0x40001520                        slc_enable = 0x40001520
                0x40001524                        slc_from_host_chain_fetch = 0x40001524
                0x40001528                        slc_from_host_chain_recycle = 0x40001528
                0x4000152c                        slc_has_pkt_to_host = 0x4000152c
                0x40001530                        slc_init_attach = 0x40001530
                0x40001534                        slc_init_credit = 0x40001534
                0x40001538                        slc_reattach = 0x40001538
                0x4000153c                        slc_send_to_host_chain = 0x4000153c
                0x40001540                        slc_set_host_io_max_window = 0x40001540
                0x40001544                        slc_to_host_chain_recycle = 0x40001544
                0x40001548                        ets_get_bootloader_offset = 0x40001548
                0x4000154c                        ets_set_bootloader_offset = 0x4000154c
                0x4000075c                        PROVIDE (esp_rom_crc32_le = crc32_le)
                [!provide]                        PROVIDE (esp_rom_crc16_le = crc16_le)
                [!provide]                        PROVIDE (esp_rom_crc8_le = crc8_le)
                [!provide]                        PROVIDE (esp_rom_crc32_be = crc32_be)
                [!provide]                        PROVIDE (esp_rom_crc16_be = crc16_be)
                [!provide]                        PROVIDE (esp_rom_crc8_be = crc8_be)
                [!provide]                        PROVIDE (esp_rom_gpio_pad_select_gpio = rom_gpio_pad_select_gpio)
                [!provide]                        PROVIDE (esp_rom_gpio_pad_pullup_only = rom_gpio_pad_pullup)
                0x4000071c                        PROVIDE (esp_rom_gpio_pad_set_drv = rom_gpio_pad_set_drv)
                [!provide]                        PROVIDE (esp_rom_gpio_pad_unhold = rom_gpio_pad_unhold)
                [!provide]                        PROVIDE (esp_rom_gpio_connect_in_signal = rom_gpio_matrix_in)
                [!provide]                        PROVIDE (esp_rom_gpio_connect_out_signal = rom_gpio_matrix_out)
                [!provide]                        PROVIDE (esp_rom_efuse_mac_address_crc8 = esp_crc8)
                [!provide]                        PROVIDE (esp_rom_efuse_is_secure_boot_enabled = ets_efuse_secure_boot_enabled)
                [!provide]                        PROVIDE (esp_rom_uart_flush_tx = uart_tx_flush)
                [!provide]                        PROVIDE (esp_rom_uart_tx_one_char = uart_tx_one_char2)
                [!provide]                        PROVIDE (esp_rom_uart_tx_wait_idle = uart_tx_wait_idle)
                [!provide]                        PROVIDE (esp_rom_uart_rx_one_char = uart_rx_one_char)
                [!provide]                        PROVIDE (esp_rom_uart_rx_string = UartRxString)
                [!provide]                        PROVIDE (esp_rom_uart_set_as_console = uart_tx_switch)
                [!provide]                        PROVIDE (esp_rom_uart_putc = ets_write_char_uart)
                [!provide]                        PROVIDE (esp_rom_usb_serial_putc = uart_tx_one_char3)
                0x40000074                        PROVIDE (esp_rom_output_flush_tx = uart_tx_flush)
                [!provide]                        PROVIDE (esp_rom_output_tx_one_char = uart_tx_one_char)
                0x40000078                        PROVIDE (esp_rom_output_tx_wait_idle = uart_tx_wait_idle)
                [!provide]                        PROVIDE (esp_rom_output_rx_one_char = uart_rx_one_char)
                [!provide]                        PROVIDE (esp_rom_output_rx_string = UartRxString)
                [!provide]                        PROVIDE (esp_rom_output_set_as_console = uart_tx_switch)
                0x40000080                        PROVIDE (esp_rom_output_putc = ets_write_char_uart)
                0x4000077c                        PROVIDE (esp_rom_md5_init = MD5Init)
                0x40000780                        PROVIDE (esp_rom_md5_update = MD5Update)
                0x40000784                        PROVIDE (esp_rom_md5_final = MD5Final)
                0x40000094                        PROVIDE (esp_rom_software_reset_system = software_reset)
                [!provide]                        PROVIDE (esp_rom_software_reset_cpu = software_reset_cpu)
                0x40000024                        PROVIDE (esp_rom_printf = ets_printf)
                0x40000030                        PROVIDE (esp_rom_install_uart_printf = ets_install_uart_printf)
                0x4000003c                        PROVIDE (esp_rom_delay_us = ets_delay_us)
                0x40000018                        PROVIDE (esp_rom_get_reset_reason = rtc_get_reset_reason)
                [!provide]                        PROVIDE (esp_rom_route_intr_matrix = intr_matrix_set)
                0x40000040                        PROVIDE (esp_rom_get_cpu_ticks_per_us = ets_get_cpu_frequency)
                0x40000044                        PROVIDE (esp_rom_set_cpu_ticks_per_us = ets_update_cpu_frequency)
                [!provide]                        PROVIDE (esp_rom_spiflash_attach = spi_flash_attach)
                [!provide]                        PROVIDE (esp_rom_spiflash_clear_bp = esp_rom_spiflash_unlock)
                [!provide]                        PROVIDE (esp_rom_spiflash_write_enable = SPI_write_enable)
                [!provide]                        PROVIDE (esp_rom_spiflash_erase_area = SPIEraseArea)
                [!provide]                        PROVIDE (esp_rom_spiflash_fix_dummylen = spi_dummy_len_fix)
                [!provide]                        PROVIDE (esp_rom_spiflash_set_drvs = SetSpiDrvs)
                [!provide]                        PROVIDE (esp_rom_spiflash_select_padsfunc = SelectSpiFunction)
                [!provide]                        PROVIDE (esp_rom_spiflash_common_cmd = SPI_Common_Command)
                0x40000994                        __addsf3 = 0x40000994
                0x40000998                        __eqsf2 = 0x40000998
                0x4000099c                        __extendsfdf2 = 0x4000099c
                0x400009a0                        __fixsfsi = 0x400009a0
                0x400009a4                        __fixunssfsi = 0x400009a4
                0x400009a8                        __floatdisf = 0x400009a8
                0x400009ac                        __floatsisf = 0x400009ac
                0x400009b0                        __floatundisf = 0x400009b0
                0x400009b4                        __floatunsisf = 0x400009b4
                0x400009b8                        __gesf2 = 0x400009b8
                0x400009bc                        __gtsf2 = 0x400009bc
                0x400009c0                        __lesf2 = 0x400009c0
                0x400009c4                        __ltsf2 = 0x400009c4
                0x400009c8                        __mulsf3 = 0x400009c8
                0x400009cc                        __nesf2 = 0x400009cc
                0x400009d0                        __subsf3 = 0x400009d0
                0x400009d4                        __truncdfsf2 = 0x400009d4
                0x400009d8                        __adddf3 = 0x400009d8
                0x400009dc                        __eqdf2 = 0x400009dc
                0x400009e0                        __fixdfdi = 0x400009e0
                0x400009e4                        __fixdfsi = 0x400009e4
                0x400009e8                        __fixsfdi = 0x400009e8
                0x400009ec                        __fixunsdfsi = 0x400009ec
                0x400009f0                        __fixunssfdi = 0x400009f0
                0x400009f4                        __floatdidf = 0x400009f4
                0x400009f8                        __floatsidf = 0x400009f8
                0x400009fc                        __floatundidf = 0x400009fc
                0x40000a00                        __floatunsidf = 0x40000a00
                0x40000a04                        __gedf2 = 0x40000a04
                0x40000a08                        __gtdf2 = 0x40000a08
                0x40000a0c                        __ledf2 = 0x40000a0c
                0x40000a10                        __ltdf2 = 0x40000a10
                0x40000a14                        __muldf3 = 0x40000a14
                0x40000a18                        __nedf2 = 0x40000a18
                0x40000a1c                        __subdf3 = 0x40000a1c
                0x40000828                        __divsf3 = 0x40000828
                0x40000850                        __negsf2 = 0x40000850
                0x40000858                        __powisf2 = 0x40000858
                0x40000864                        __unordsf2 = 0x40000864
                0x40000868                        __absvdi2 = 0x40000868
                0x4000086c                        __absvsi2 = 0x4000086c
                0x40000874                        __addvdi3 = 0x40000874
                0x40000878                        __addvsi3 = 0x40000878
                0x4000087c                        __ashldi3 = 0x4000087c
                0x40000880                        __ashrdi3 = 0x40000880
                0x40000884                        __bswapdi2 = 0x40000884
                0x40000888                        __bswapsi2 = 0x40000888
                0x4000088c                        __clear_cache = 0x4000088c
                0x40000890                        __clrsbdi2 = 0x40000890
                0x40000894                        __clrsbsi2 = 0x40000894
                0x40000898                        __clzdi2 = 0x40000898
                0x4000089c                        __clzsi2 = 0x4000089c
                0x400008a0                        __cmpdi2 = 0x400008a0
                0x400008a4                        __ctzdi2 = 0x400008a4
                0x400008a8                        __ctzsi2 = 0x400008a8
                0x400008ac                        __divdc3 = 0x400008ac
                0x400008b0                        __divdf3 = 0x400008b0
                0x400008b4                        __divdi3 = 0x400008b4
                0x400008b8                        __divsc3 = 0x400008b8
                0x400008bc                        __divsi3 = 0x400008bc
                0x400008c8                        __ffsdi2 = 0x400008c8
                0x400008cc                        __ffssi2 = 0x400008cc
                0x40000900                        __gcc_bcmp = 0x40000900
                0x40000910                        __lshrdi3 = 0x40000910
                0x40000918                        __moddi3 = 0x40000918
                0x4000091c                        __modsi3 = 0x4000091c
                0x40000920                        __muldc3 = 0x40000920
                0x40000928                        __muldi3 = 0x40000928
                0x4000092c                        __mulsc3 = 0x4000092c
                0x40000930                        __mulsi3 = 0x40000930
                0x40000934                        __mulvdi3 = 0x40000934
                0x40000938                        __mulvsi3 = 0x40000938
                0x40000940                        __negdf2 = 0x40000940
                0x40000944                        __negdi2 = 0x40000944
                0x40000948                        __negvdi2 = 0x40000948
                0x4000094c                        __negvsi2 = 0x4000094c
                0x40000950                        __paritysi2 = 0x40000950
                0x40000954                        __popcountdi2 = 0x40000954
                0x40000958                        __popcountsi2 = 0x40000958
                0x4000095c                        __powidf2 = 0x4000095c
                0x40000964                        __subvdi3 = 0x40000964
                0x40000968                        __subvsi3 = 0x40000968
                0x4000096c                        __ucmpdi2 = 0x4000096c
                0x40000970                        __udivdi3 = 0x40000970
                0x40000974                        __udivmoddi4 = 0x40000974
                0x40000978                        __udivsi3 = 0x40000978
                0x4000097c                        __udiv_w_sdiv = 0x4000097c
                0x40000980                        __umoddi3 = 0x40000980
                0x40000984                        __umodsi3 = 0x40000984
                0x40000988                        __unorddf2 = 0x40000988
                0x4000098c                        __extenddftf2 = 0x4000098c
                0x40000990                        __trunctfdf2 = 0x40000990
                0x400003d8                        systimer_hal_set_tick_rate_ops = 0x400003d8
                0x400003dc                        systimer_hal_get_counter_value = 0x400003dc
                0x400003e0                        systimer_hal_get_time = 0x400003e0
                0x400003e4                        systimer_hal_set_alarm_target = 0x400003e4
                0x400003e8                        systimer_hal_set_alarm_period = 0x400003e8
                0x400003ec                        systimer_hal_get_alarm_value = 0x400003ec
                0x400003f0                        systimer_hal_enable_alarm_int = 0x400003f0
                0x400003f4                        systimer_hal_on_apb_freq_update = 0x400003f4
                0x400003f8                        systimer_hal_counter_value_advance = 0x400003f8
                0x400003fc                        systimer_hal_enable_counter = 0x400003fc
                0x40000400                        systimer_hal_select_alarm_mode = 0x40000400
                0x40000404                        systimer_hal_connect_alarm_counter = 0x40000404
                0x40000408                        systimer_hal_counter_can_stall_by_cpu = 0x40000408
                0x40000010                        _rom_chip_id = 0x40000010
                0x40000014                        _rom_eco_version = 0x40000014
                0x400004b4                        esp_rom_newlib_init_common_mutexes = 0x400004b4
                0x400004b8                        memset = 0x400004b8
                0x400004d8                        strlen = 0x400004d8
                0x400004dc                        strstr = 0x400004dc
                0x400004e0                        bzero = 0x400004e0
                0x400004e8                        sbrk = 0x400004e8
                0x400004f4                        isascii = 0x400004f4
                0x400004f8                        isblank = 0x400004f8
                0x400004fc                        iscntrl = 0x400004fc
                0x40000508                        isgraph = 0x40000508
                0x4000050c                        isprint = 0x4000050c
                0x40000510                        ispunct = 0x40000510
                0x40000524                        toascii = 0x40000524
                0x40000528                        memccpy = 0x40000528
                0x4000052c                        memchr = 0x4000052c
                0x40000530                        memrchr = 0x40000530
                0x40000538                        strcasestr = 0x40000538
                0x4000053c                        strcat = 0x4000053c
                0x40000544                        strchr = 0x40000544
                0x40000548                        strcspn = 0x40000548
                0x40000550                        strlcat = 0x40000550
                0x40000554                        strlcpy = 0x40000554
                0x40000560                        strncat = 0x40000560
                0x40000568                        strnlen = 0x40000568
                0x4000056c                        strrchr = 0x4000056c
                0x40000570                        strsep = 0x40000570
                0x40000574                        strspn = 0x40000574
                0x40000578                        strtok_r = 0x40000578
                0x40000580                        longjmp = 0x40000580
                0x40000584                        setjmp = 0x40000584
                0x40000588                        abs = 0x40000588
                0x4000058c                        div = 0x4000058c
                0x40000590                        labs = 0x40000590
                0x40000594                        ldiv = 0x40000594
                0x40000598                        qsort = 0x40000598
                0x400005a8                        utoa = 0x400005a8
                0x400005ac                        itoa = 0x400005ac
                0x4084ffd4                        syscall_table_ptr = 0x4084ffd4
                0x4084ffd0                        _global_impure_ptr = 0x4084ffd0
                0x400004bc                        memcpy = 0x400004bc
                0x400004c0                        memmove = 0x400004c0
                0x400004c4                        memcmp = 0x400004c4
                0x400004c8                        strcpy = 0x400004c8
                0x400004cc                        strncpy = 0x400004cc
                0x400004d0                        strcmp = 0x400004d0
                0x400004d4                        strncmp = 0x400004d4
                [!provide]                        PROVIDE (esprv_int_set_priority = esprv_intc_int_set_priority)
                [!provide]                        PROVIDE (esprv_int_set_threshold = esprv_intc_int_set_threshold)
                [!provide]                        PROVIDE (esprv_int_enable = esprv_intc_int_enable)
                [!provide]                        PROVIDE (esprv_int_disable = esprv_intc_int_disable)
                [!provide]                        PROVIDE (esprv_int_set_type = esprv_intc_int_set_type)
                0x60000000                        PROVIDE (UART0 = 0x60000000)
                [!provide]                        PROVIDE (UART1 = 0x60001000)
                0x60002000                        PROVIDE (SPIMEM0 = 0x60002000)
                0x60003000                        PROVIDE (SPIMEM1 = 0x60003000)
                [!provide]                        PROVIDE (I2C0 = 0x60004000)
                [!provide]                        PROVIDE (UART2 = 0x60006000)
                [!provide]                        PROVIDE (LEDC = 0x60007000)
                [!provide]                        PROVIDE (LEDC_GAMMA_RAM = 0x60007400)
                0x60008000                        PROVIDE (TIMERG0 = 0x60008000)
                [!provide]                        PROVIDE (TIMERG1 = 0x60009000)
                [!provide]                        PROVIDE (SYSTIMER = 0x6000a000)
                [!provide]                        PROVIDE (I2S0 = 0x6000c000)
                0x6000e000                        PROVIDE (ADC = 0x6000e000)
                [!provide]                        PROVIDE (USB_SERIAL_JTAG = 0x6000f000)
                [!provide]                        PROVIDE (INTMTX = 0x60010000)
                [!provide]                        PROVIDE (SOC_ETM = 0x60013000)
                [!provide]                        PROVIDE (HINF = 0x60016000)
                [!provide]                        PROVIDE (SLC = 0x60017000)
                [!provide]                        PROVIDE (HOST = 0x60018000)
                [!provide]                        PROVIDE (PVT = 0x60019000)
                [!provide]                        PROVIDE (AHB_DMA = 0x60080000)
                [!provide]                        PROVIDE (GPSPI2 = 0x60081000)
                [!provide]                        PROVIDE (SHA = 0x60089000)
                [!provide]                        PROVIDE (ECC = 0x6008b000)
                [!provide]                        PROVIDE (ECDSA = 0x6008e000)
                0x60090000                        PROVIDE (IO_MUX = 0x60090000)
                [!provide]                        PROVIDE (GPIO = 0x60091000)
                [!provide]                        PROVIDE (GPIO_EXT = 0x60091e00)
                [!provide]                        PROVIDE (GPIO_ETM = 0x60091f18)
                [!provide]                        PROVIDE (MEM_MONITOR = 0x60092000)
                [!provide]                        PROVIDE (PAU = 0x60093000)
                [!provide]                        PROVIDE (HP_SYSTEM = 0x60095000)
                0x60096000                        PROVIDE (PCR = 0x60096000)
                [!provide]                        PROVIDE (TEE = 0x60098000)
                [!provide]                        PROVIDE (HP_APM = 0x60099000)
                0x600a9c00                        PROVIDE (MODEM_SYSCON = 0x600a9c00)
                0x600af000                        PROVIDE (MODEM_LPCON = 0x600af000)
                [!provide]                        PROVIDE (CPU_APM_REG = 0x6009a000)
                0x600b0000                        PROVIDE (PMU = 0x600b0000)
                0x600b0400                        PROVIDE (LP_CLKRST = 0x600b0400)
                0x600b0c00                        PROVIDE (LP_TIMER = 0x600b0c00)
                [!provide]                        PROVIDE (LP_AON = 0x600b1000)
                0x600b1c00                        PROVIDE (LP_WDT = 0x600b1c00)
                [!provide]                        PROVIDE (LPPERI = 0x600b2800)
                0x600b2c00                        PROVIDE (LP_ANA = 0x600b2c00)
                [!provide]                        PROVIDE (LP_TEE = 0x600b3400)
                [!provide]                        PROVIDE (LP_APM = 0x600b3800)
                [!provide]                        PROVIDE (LP_IO_MUX = 0x600b4000)
                [!provide]                        PROVIDE (LP_GPIO = 0x600b4400)
                0x600b4800                        PROVIDE (EFUSE0 = 0x600b4800)
                [!provide]                        PROVIDE (OTP_DEBUG = 0x600b4c00)
                [!provide]                        PROVIDE (TRACE = 0x600c0000)
                [!provide]                        PROVIDE (BUS_MONITOR = 0x600c2000)
                [!provide]                        PROVIDE (INTPRI = 0x600c5000)
                [!provide]                        PROVIDE (CACHE = 0x600c8000)
                0x400003a4                        wdt_hal_init = 0x400003a4
                0x400003a8                        wdt_hal_deinit = 0x400003a8
                0x400003ac                        wdt_hal_config_stage = 0x400003ac
                0x400003b0                        wdt_hal_write_protect_disable = 0x400003b0
                0x400003b4                        wdt_hal_write_protect_enable = 0x400003b4
                0x400003b8                        wdt_hal_enable = 0x400003b8
                0x400003bc                        wdt_hal_disable = 0x400003bc
                0x400003c0                        wdt_hal_handle_intr = 0x400003c0
                0x400003c4                        wdt_hal_feed = 0x400003c4
                0x400003c8                        wdt_hal_set_flashboot_en = 0x400003c8
                0x400003cc                        wdt_hal_is_enabled = 0x400003cc
                0x4084c670                        bootloader_usable_dram_end = 0x4084c670
                0x00002000                        bootloader_stack_overhead = 0x2000
                0x00005000                        bootloader_dram_seg_len = 0x5000
                0x00007000                        bootloader_iram_loader_seg_len = 0x7000
                0x00002d00                        bootloader_iram_seg_len = 0x2d00
                0x4084a670                        bootloader_dram_seg_end = (bootloader_usable_dram_end - bootloader_stack_overhead)
                0x40845670                        bootloader_dram_seg_start = (bootloader_dram_seg_end - bootloader_dram_seg_len)
                0x4083e670                        bootloader_iram_loader_seg_start = (bootloader_dram_seg_start - bootloader_iram_loader_seg_len)
                0x4083b970                        bootloader_iram_seg_start = (bootloader_iram_loader_seg_start - bootloader_iram_seg_len)
                0x00000001                        ASSERT ((bootloader_iram_loader_seg_start == 0x4083e670), bootloader_iram_loader_seg_start inconsistent with SRAM_DRAM_END)

.iram_loader.text
                0x4083e670     0x32c6
                0x4083e670                        . = ALIGN (0x10)
                0x4083e670                        _loader_text_start = ABSOLUTE (.)
 *(.stub .gnu.warning .gnu.linkonce.literal.* .gnu.linkonce.t.*.literal .gnu.linkonce.t.*)
 *(.iram1 .iram1.*)
 .iram1.5       0x4083e670       0x52 esp-idf/bootloader_support/libbootloader_support.a(bootloader_flash.c.obj)
 .iram1.1       0x4083e6c2      0x200 esp-idf/bootloader_support/libbootloader_support.a(bootloader_flash.c.obj)
                0x4083e6c2                bootloader_flash_execute_command_common
 .iram1.2       0x4083e8c2        0xe esp-idf/bootloader_support/libbootloader_support.a(bootloader_flash.c.obj)
                0x4083e8c2                bootloader_execute_flash_command
 .iram1.0       0x4083e8d0      0x156 esp-idf/bootloader_support/libbootloader_support.a(bootloader_flash.c.obj)
                0x4083e8d0                bootloader_flash_unlock_default
                0x4083e8d0                bootloader_flash_unlock
 .iram1.3       0x4083ea26       0x40 esp-idf/bootloader_support/libbootloader_support.a(bootloader_flash.c.obj)
                0x4083ea26                bootloader_flash_read_sfdp
 .iram1.4       0x4083ea66       0x30 esp-idf/bootloader_support/libbootloader_support.a(bootloader_flash.c.obj)
                0x4083ea66                bootloader_read_flash_id
 .iram1.6       0x4083ea96       0xbe esp-idf/bootloader_support/libbootloader_support.a(bootloader_flash.c.obj)
                0x4083ea96                bootloader_flash_xmc_startup
 .iram1.0       0x4083eb54       0x20 esp-idf/bootloader_support/libbootloader_support.a(bootloader_flash_config_esp32c61.c.obj)
                0x4083eb54                bootloader_flash_cs_timing_config
 .iram1.1       0x4083eb74       0x2e esp-idf/bootloader_support/libbootloader_support.a(bootloader_flash_config_esp32c61.c.obj)
                0x4083eb74                bootloader_init_mspi_clock
 .iram1.3       0x4083eba2       0x56 esp-idf/bootloader_support/libbootloader_support.a(bootloader_flash_config_esp32c61.c.obj)
                0x4083eba2                bootloader_configure_spi_pins
 .iram1.0       0x4083ebf8        0x2 esp-idf/efuse/libefuse.a(esp_efuse_fields.c.obj)
                0x4083ebf8                esp_efuse_is_flash_encryption_enabled
 .iram1.0       0x4083ebfa       0x6c esp-idf/esp_hw_support/libesp_hw_support.a(rtc_clk.c.obj)
 .iram1.2       0x4083ec66       0x40 esp-idf/esp_hw_support/libesp_hw_support.a(rtc_clk.c.obj)
                0x4083ec66                rtc_clk_xtal_freq_get
 .iram1.0       0x4083eca6       0xec esp-idf/esp_rom/libesp_rom.a(esp_rom_regi2c_esp32c61.c.obj)
 .iram1.3       0x4083ed92       0x4a esp-idf/esp_rom/libesp_rom.a(esp_rom_regi2c_esp32c61.c.obj)
                0x4083ed92                esp_rom_regi2c_write
                0x4083ed92                regi2c_write_impl
 .iram1.4       0x4083eddc       0xce esp-idf/esp_rom/libesp_rom.a(esp_rom_regi2c_esp32c61.c.obj)
                0x4083eddc                regi2c_write_mask_impl
                0x4083eddc                esp_rom_regi2c_write_mask
 .iram1.0       0x4083eeaa       0x1e esp-idf/hal/libhal.a(efuse_hal.c.obj)
                0x4083eeaa                efuse_hal_chip_revision
 .iram1.1       0x4083eec8       0x20 esp-idf/hal/libhal.a(efuse_hal.c.obj)
                0x4083eec8                efuse_hal_blk_version
 .iram1.2       0x4083eee8       0x10 esp-idf/hal/libhal.a(efuse_hal.c.obj)
                0x4083eee8                efuse_hal_get_disable_wafer_version_major
 .iram1.4       0x4083eef8       0x10 esp-idf/hal/libhal.a(efuse_hal.c.obj)
                0x4083eef8                efuse_hal_get_disable_blk_version_major
 .iram1.5       0x4083ef08       0x1e esp-idf/hal/libhal.a(efuse_hal.c.obj)
                0x4083ef08                efuse_hal_flash_encryption_enabled
 .iram1.0       0x4083ef26       0x10 esp-idf/hal/libhal.a(efuse_hal.c.obj)
                0x4083ef26                efuse_hal_get_major_chip_version
 .iram1.1       0x4083ef36        0xe esp-idf/hal/libhal.a(efuse_hal.c.obj)
                0x4083ef36                efuse_hal_get_minor_chip_version
 *liblog.a:(.literal .text .literal.* .text.*)
 .text.esp_log_early_timestamp
                0x4083ef44       0x26 esp-idf/log/liblog.a(log_timestamp.c.obj)
                0x4083ef44                esp_log_early_timestamp
                0x4083ef44                esp_log_timestamp
 *libgcc.a:(.literal .text .literal.* .text.*)
 *libclang_rt.builtins.a:(.literal .text .literal.* .text.*)
 *libbootloader_support.a:bootloader_clock_loader.*(.literal .text .literal.* .text.*)
 *libbootloader_support.a:bootloader_common_loader.*(.literal .text .literal.* .text.*)
 .text.bootloader_common_check_chip_revision_validity
                0x4083ef6a       0xac esp-idf/bootloader_support/libbootloader_support.a(bootloader_common_loader.c.obj)
                0x4083ef6a                bootloader_common_check_chip_revision_validity
 .text.bootloader_common_ota_select_crc
                0x4083f016        0xe esp-idf/bootloader_support/libbootloader_support.a(bootloader_common_loader.c.obj)
                0x4083f016                bootloader_common_ota_select_crc
 .text.bootloader_common_ota_select_invalid
                0x4083f024       0x16 esp-idf/bootloader_support/libbootloader_support.a(bootloader_common_loader.c.obj)
                0x4083f024                bootloader_common_ota_select_invalid
 .text.bootloader_common_ota_select_valid
                0x4083f03a       0x2a esp-idf/bootloader_support/libbootloader_support.a(bootloader_common_loader.c.obj)
                0x4083f03a                bootloader_common_ota_select_valid
 .text.bootloader_common_check_efuse_blk_validity
                0x4083f064       0xbe esp-idf/bootloader_support/libbootloader_support.a(bootloader_common_loader.c.obj)
                0x4083f064                bootloader_common_check_efuse_blk_validity
 .text.bootloader_common_check_chip_validity
                0x4083f122       0x54 esp-idf/bootloader_support/libbootloader_support.a(bootloader_common_loader.c.obj)
                0x4083f122                bootloader_common_check_chip_validity
 .text.bootloader_common_select_otadata
                0x4083f176       0x3e esp-idf/bootloader_support/libbootloader_support.a(bootloader_common_loader.c.obj)
                0x4083f176                bootloader_common_select_otadata
 .text.bootloader_common_get_active_otadata
                0x4083f1b4       0x2e esp-idf/bootloader_support/libbootloader_support.a(bootloader_common_loader.c.obj)
                0x4083f1b4                bootloader_common_get_active_otadata
 *libbootloader_support.a:bootloader_flash.*(.literal .text .literal.* .text.*)
 .text.spi_to_esp_err
                0x4083f1e2       0x22 esp-idf/bootloader_support/libbootloader_support.a(bootloader_flash.c.obj)
 .text.bootloader_mmap_get_free_pages
                0x4083f204        0x6 esp-idf/bootloader_support/libbootloader_support.a(bootloader_flash.c.obj)
                0x4083f204                bootloader_mmap_get_free_pages
 .text.bootloader_mmap
                0x4083f20a       0xc8 esp-idf/bootloader_support/libbootloader_support.a(bootloader_flash.c.obj)
                0x4083f20a                bootloader_mmap
 .text.bootloader_munmap
                0x4083f2d2       0x28 esp-idf/bootloader_support/libbootloader_support.a(bootloader_flash.c.obj)
                0x4083f2d2                bootloader_munmap
 .text.bootloader_flash_read
                0x4083f2fa      0x112 esp-idf/bootloader_support/libbootloader_support.a(bootloader_flash.c.obj)
                0x4083f2fa                bootloader_flash_read
 .text.bootloader_flash_erase_sector
                0x4083f40c       0x12 esp-idf/bootloader_support/libbootloader_support.a(bootloader_flash.c.obj)
                0x4083f40c                bootloader_flash_erase_sector
 .text.bootloader_flash_write
                0x4083f41e       0xc4 esp-idf/bootloader_support/libbootloader_support.a(bootloader_flash.c.obj)
                0x4083f41e                bootloader_flash_write
 .text.bootloader_enable_wp
                0x4083f4e2        0xc esp-idf/bootloader_support/libbootloader_support.a(bootloader_flash.c.obj)
                0x4083f4e2                bootloader_enable_wp
 .text.bootloader_flash_get_spi_mode
                0x4083f4ee       0x3e esp-idf/bootloader_support/libbootloader_support.a(bootloader_flash.c.obj)
                0x4083f4ee                bootloader_flash_get_spi_mode
 *libbootloader_support.a:bootloader_random.*(.literal .text .literal.* .text.*)
 .text.bootloader_fill_random
                0x4083f52c       0x94 esp-idf/bootloader_support/libbootloader_support.a(bootloader_random.c.obj)
                0x4083f52c                bootloader_fill_random
 *libbootloader_support.a:bootloader_random*.*(.literal.bootloader_random_disable .text.bootloader_random_disable)
 .text.bootloader_random_disable
                0x4083f5c0      0x10c esp-idf/bootloader_support/libbootloader_support.a(bootloader_random_esp32c61.c.obj)
                0x4083f5c0                bootloader_random_disable
 *libbootloader_support.a:bootloader_random*.*(.literal.bootloader_random_enable .text.bootloader_random_enable)
 .text.bootloader_random_enable
                0x4083f6cc      0x1fa esp-idf/bootloader_support/libbootloader_support.a(bootloader_random_esp32c61.c.obj)
                0x4083f6cc                bootloader_random_enable
 *libbootloader_support.a:bootloader_efuse.*(.literal .text .literal.* .text.*)
 *libbootloader_support.a:bootloader_utility.*(.literal .text .literal.* .text.*)
 .text.log_invalid_app_partition
                0x4083f8c6       0x84 esp-idf/bootloader_support/libbootloader_support.a(bootloader_utility.c.obj)
 .text.index_to_partition
                0x4083f94a       0x3c esp-idf/bootloader_support/libbootloader_support.a(bootloader_utility.c.obj)
 .text.try_load_partition
                0x4083f986       0x44 esp-idf/bootloader_support/libbootloader_support.a(bootloader_utility.c.obj)
 .text.set_actual_ota_seq
                0x4083f9ca       0xac esp-idf/bootloader_support/libbootloader_support.a(bootloader_utility.c.obj)
 .text.load_image
                0x4083fa76      0x1d6 esp-idf/bootloader_support/libbootloader_support.a(bootloader_utility.c.obj)
 .text.bootloader_common_read_otadata
                0x4083fc4c       0xa2 esp-idf/bootloader_support/libbootloader_support.a(bootloader_utility.c.obj)
                0x4083fc4c                bootloader_common_read_otadata
 .text.bootloader_utility_load_partition_table
                0x4083fcee      0x27a esp-idf/bootloader_support/libbootloader_support.a(bootloader_utility.c.obj)
                0x4083fcee                bootloader_utility_load_partition_table
 .text.bootloader_utility_get_selected_boot_partition
                0x4083ff68      0x112 esp-idf/bootloader_support/libbootloader_support.a(bootloader_utility.c.obj)
                0x4083ff68                bootloader_utility_get_selected_boot_partition
 .text.bootloader_reset
                0x4084007a       0x1c esp-idf/bootloader_support/libbootloader_support.a(bootloader_utility.c.obj)
                0x4084007a                bootloader_reset
 .text.bootloader_utility_load_boot_image
                0x40840096      0x11c esp-idf/bootloader_support/libbootloader_support.a(bootloader_utility.c.obj)
                0x40840096                bootloader_utility_load_boot_image
 .text.bootloader_debug_buffer
                0x408401b2        0x2 esp-idf/bootloader_support/libbootloader_support.a(bootloader_utility.c.obj)
                0x408401b2                bootloader_debug_buffer
 *libbootloader_support.a:bootloader_sha.*(.literal .text .literal.* .text.*)
 .text.bootloader_sha256_start
                0x408401b4       0x2c esp-idf/bootloader_support/libbootloader_support.a(bootloader_sha.c.obj)
                0x408401b4                bootloader_sha256_start
 .text.bootloader_sha256_data
                0x408401e0       0x34 esp-idf/bootloader_support/libbootloader_support.a(bootloader_sha.c.obj)
                0x408401e0                bootloader_sha256_data
 .text.bootloader_sha256_finish
                0x40840214       0x46 esp-idf/bootloader_support/libbootloader_support.a(bootloader_sha.c.obj)
                0x40840214                bootloader_sha256_finish
 *libbootloader_support.a:bootloader_console_loader.*(.literal .text .literal.* .text.*)
 .text.bootloader_console_deinit
                0x4084025a        0xa esp-idf/bootloader_support/libbootloader_support.a(bootloader_console_loader.c.obj)
                0x4084025a                bootloader_console_deinit
 *libbootloader_support.a:bootloader_panic.*(.literal .text .literal.* .text.*)
 .text.__assert_func
                0x40840264       0x1e esp-idf/bootloader_support/libbootloader_support.a(bootloader_panic.c.obj)
                0x40840264                __assert_func
 .text.unlikely.abort
                0x40840282       0x22 esp-idf/bootloader_support/libbootloader_support.a(bootloader_panic.c.obj)
                0x40840282                abort
 *libbootloader_support.a:bootloader_soc.*(.literal .text .literal.* .text.*)
 .text.bootloader_ana_clock_glitch_reset_config
                0x408402a4        0x2 esp-idf/bootloader_support/libbootloader_support.a(bootloader_soc.c.obj)
                0x408402a4                bootloader_ana_clock_glitch_reset_config
 .text.bootloader_power_glitch_reset_config
                0x408402a6       0x8c esp-idf/bootloader_support/libbootloader_support.a(bootloader_soc.c.obj)
                0x408402a6                bootloader_power_glitch_reset_config
 *libbootloader_support.a:esp_image_format.*(.literal .text .literal.* .text.*)
 .text.is_bootloader
                0x40840332       0x3a esp-idf/bootloader_support/libbootloader_support.a(esp_image_format.c.obj)
 .text.bootloader_util_regions_overlap
                0x4084036c       0x4c esp-idf/bootloader_support/libbootloader_support.a(esp_image_format.c.obj)
 .text.process_segments
                0x408403b8      0x4ec esp-idf/bootloader_support/libbootloader_support.a(esp_image_format.c.obj)
 .text.image_load
                0x408408a4      0x3d4 esp-idf/bootloader_support/libbootloader_support.a(esp_image_format.c.obj)
 .text.bootloader_load_image
                0x40840c78        0x8 esp-idf/bootloader_support/libbootloader_support.a(esp_image_format.c.obj)
                0x40840c78                bootloader_load_image
 *libbootloader_support.a:flash_encrypt.*(.literal .text .literal.* .text.*)
 *libbootloader_support.a:flash_encryption_secure_features.*(.literal .text .literal.* .text.*)
 *libbootloader_support.a:flash_partitions.*(.literal .text .literal.* .text.*)
 .text.esp_partition_table_verify
                0x40840c80      0x19e esp-idf/bootloader_support/libbootloader_support.a(flash_partitions.c.obj)
                0x40840c80                esp_partition_table_verify
 *libbootloader_support.a:secure_boot.*(.literal .text .literal.* .text.*)
 *libbootloader_support.a:secure_boot_secure_features.*(.literal .text .literal.* .text.*)
 *libbootloader_support.a:secure_boot_signatures_bootloader.*(.literal .text .literal.* .text.*)
 *libmicro-ecc.a:*.*(.literal .text .literal.* .text.*)
 *libspi_flash.a:*.*(.literal .text .literal.* .text.*)
 *libhal.a:mmu_hal.*(.literal .text .literal.* .text.*)
 .text.mmu_ll_check_valid_paddr_region.isra.0
                0x40840e1e       0x84 esp-idf/hal/libhal.a(mmu_hal.c.obj)
 .text.mmu_hal_unmap_all
                0x40840ea2       0x36 esp-idf/hal/libhal.a(mmu_hal.c.obj)
                0x40840ea2                mmu_hal_unmap_all
 .text.mmu_hal_init
                0x40840ed8       0x58 esp-idf/hal/libhal.a(mmu_hal.c.obj)
                0x40840ed8                mmu_hal_init
 .text.mmu_hal_pages_to_bytes
                0x40840f30       0x30 esp-idf/hal/libhal.a(mmu_hal.c.obj)
                0x40840f30                mmu_hal_pages_to_bytes
 .text.mmu_hal_check_valid_ext_vaddr_region
                0x40840f60       0x20 esp-idf/hal/libhal.a(mmu_hal.c.obj)
                0x40840f60                mmu_hal_check_valid_ext_vaddr_region
 .text.mmu_hal_map_region
                0x40840f80      0x2ae esp-idf/hal/libhal.a(mmu_hal.c.obj)
                0x40840f80                mmu_hal_map_region
 *libhal.a:cache_hal.*(.literal .text .literal.* .text.*)
 .text.s_cache_hal_init_ctx
                0x4084122e       0x32 esp-idf/hal/libhal.a(cache_hal.c.obj)
                0x4084122e                s_cache_hal_init_ctx
 .text.cache_hal_init
                0x40841260       0x5e esp-idf/hal/libhal.a(cache_hal.c.obj)
                0x40841260                cache_hal_init
 .text.s_update_cache_state
                0x408412be       0x34 esp-idf/hal/libhal.a(cache_hal.c.obj)
                0x408412be                s_update_cache_state
 .text.cache_hal_disable
                0x408412f2       0x2a esp-idf/hal/libhal.a(cache_hal.c.obj)
                0x408412f2                cache_hal_disable
 .text.cache_hal_enable
                0x4084131c       0x2e esp-idf/hal/libhal.a(cache_hal.c.obj)
                0x4084131c                cache_hal_enable
 *libhal.a:efuse_hal.*(.literal .text .literal.* .text.*)
 .text.efuse_hal_get_recovery_bootloader_address
                0x4084134a       0x16 esp-idf/hal/libhal.a(efuse_hal.c.obj)
                0x4084134a                efuse_hal_get_recovery_bootloader_address
 .text.efuse_hal_recovery_bootloader_enabled
                0x40841360       0x2c esp-idf/hal/libhal.a(efuse_hal.c.obj)
                0x40841360                efuse_hal_recovery_bootloader_enabled
 *libesp_hal_wdt.a:wdt_hal_iram.*(.literal .text .literal.* .text.*)
 *libesp_hw_support.a:rtc_clk.*(.literal .text .literal.* .text.*)
 .text.rtc_clk_bbpll_disable
                0x4084138c       0x22 esp-idf/esp_hw_support/libesp_hw_support.a(rtc_clk.c.obj)
 .text.rtc_clk_cpu_freq_to_rc_fast
                0x408413ae       0x5e esp-idf/esp_hw_support/libesp_hw_support.a(rtc_clk.c.obj)
 .text.rtc_clk_cpu_freq_to_pll_160_mhz
                0x4084140c       0xb2 esp-idf/esp_hw_support/libesp_hw_support.a(rtc_clk.c.obj)
 .text.rtc_clk_32k_enable.part.0
                0x408414be       0x42 esp-idf/esp_hw_support/libesp_hw_support.a(rtc_clk.c.obj)
 .text.rtc_clk_32k_enable
                0x40841500       0x1a esp-idf/esp_hw_support/libesp_hw_support.a(rtc_clk.c.obj)
                0x40841500                rtc_clk_32k_enable
 .text.rtc_clk_32k_enable_external
                0x4084151a       0x1e esp-idf/esp_hw_support/libesp_hw_support.a(rtc_clk.c.obj)
                0x4084151a                rtc_clk_32k_enable_external
 .text.rtc_clk_8m_enable
                0x40841538       0x2c esp-idf/esp_hw_support/libesp_hw_support.a(rtc_clk.c.obj)
                0x40841538                rtc_clk_8m_enable
 .text.rtc_clk_slow_src_set
                0x40841564       0x42 esp-idf/esp_hw_support/libesp_hw_support.a(rtc_clk.c.obj)
                0x40841564                rtc_clk_slow_src_set
 .text.rtc_clk_slow_src_get
                0x408415a6       0x22 esp-idf/esp_hw_support/libesp_hw_support.a(rtc_clk.c.obj)
                0x408415a6                rtc_clk_slow_src_get
 .text.rtc_clk_slow_freq_get_hz
                0x408415c8       0x2c esp-idf/esp_hw_support/libesp_hw_support.a(rtc_clk.c.obj)
                0x408415c8                rtc_clk_slow_freq_get_hz
 .text.rtc_clk_fast_src_set
                0x408415f4       0x42 esp-idf/esp_hw_support/libesp_hw_support.a(rtc_clk.c.obj)
                0x408415f4                rtc_clk_fast_src_set
 .text.rtc_clk_fast_src_get
                0x40841636       0x2a esp-idf/esp_hw_support/libesp_hw_support.a(rtc_clk.c.obj)
                0x40841636                rtc_clk_fast_src_get
 .text.rtc_clk_set_cpu_switch_to_bbpll
                0x40841660        0x2 esp-idf/esp_hw_support/libesp_hw_support.a(rtc_clk.c.obj)
                0x40841660                rtc_clk_set_cpu_switch_to_bbpll
 .text.rtc_clk_cpu_freq_mhz_to_config
                0x40841662       0x60 esp-idf/esp_hw_support/libesp_hw_support.a(rtc_clk.c.obj)
                0x40841662                rtc_clk_cpu_freq_mhz_to_config
 .text.rtc_clk_cpu_freq_set_config
                0x408416c2      0x158 esp-idf/esp_hw_support/libesp_hw_support.a(rtc_clk.c.obj)
                0x408416c2                rtc_clk_cpu_freq_set_config
 .text.rtc_clk_cpu_freq_get_config
                0x4084181a       0x82 esp-idf/esp_hw_support/libesp_hw_support.a(rtc_clk.c.obj)
                0x4084181a                rtc_clk_cpu_freq_get_config
 .text.rtc_clk_apb_freq_get
                0x4084189c       0x8e esp-idf/esp_hw_support/libesp_hw_support.a(rtc_clk.c.obj)
                0x4084189c                rtc_clk_apb_freq_get
 *libesp_hw_support.a:rtc_time.*(.literal .text .literal.* .text.*)
 *libesp_hw_support.a:regi2c_ctrl.*(.literal .text .literal.* .text.*)
 *libesp_hal_regi2c.a:regi2c_impl.*(.literal .text .literal.* .text.*)
 *libefuse.a:*.*(.literal .text .literal.* .text.*)
 *libriscv.a:rv_utils.*(.literal .text .literal.* .text.*)
 .text.rv_utils_dbgr_is_attached
                0x4084192a        0xc esp-idf/riscv/libriscv.a(rv_utils.c.obj)
                0x4084192a                rv_utils_dbgr_is_attached
 *(.fini.literal)
 *(.fini)
 *(.gnu.version)
                0x40841936                        _loader_text_end = ABSOLUTE (.)

.iram.text      0x4083b970        0x0
                0x4083b970                        . = ALIGN (0x10)
 *(.entry.text)
 *(.init.literal)
 *(.init)

.dram0.bss      0x40845670      0x118
                0x40845670                        . = ALIGN (0x8)
                0x40845670                        _dram_start = ABSOLUTE (.)
                0x40845670                        _bss_start = ABSOLUTE (.)
 *(.dynsbss)
 *(.sbss)
 *(.sbss.*)
 .sbss.ota_has_initial_contents
                0x40845670        0x1 esp-idf/bootloader_support/libbootloader_support.a(bootloader_utility.c.obj)
 *fill*         0x40845671        0x3 
 .sbss.s_bootloader_partition_offset
                0x40845674        0x4 esp-idf/bootloader_support/libbootloader_support.a(esp_image_format.c.obj)
 .sbss.ram_obfs_value
                0x40845678        0x8 esp-idf/bootloader_support/libbootloader_support.a(esp_image_format.c.obj)
 .sbss.mapped   0x40845680        0x1 esp-idf/bootloader_support/libbootloader_support.a(bootloader_flash.c.obj)
 *fill*         0x40845681        0x3 
 .sbss.s_bbpll_digi_consumers_ref_count
                0x40845684        0x4 esp-idf/esp_hw_support/libesp_hw_support.a(rtc_clk.c.obj)
 .sbss.s_cur_pll_freq
                0x40845688        0x4 esp-idf/esp_hw_support/libesp_hw_support.a(rtc_clk.c.obj)
 .sbss.s_ctx    0x4084568c        0x1 esp-idf/hal/libhal.a(mmu_hal.c.obj)
 *fill*         0x4084568d        0x3 
 .sbss.ctx      0x40845690        0x8 esp-idf/hal/libhal.a(cache_hal.c.obj)
 *(.gnu.linkonce.sb.*)
 *(.scommon)
 *(.sbss2)
 *(.sbss2.*)
 *(.gnu.linkonce.sb2.*)
 *(.dynbss)
 *(.bss)
 *(.bss.*)
 .bss.ctx       0x40845698       0xd8 esp-idf/bootloader_support/libbootloader_support.a(bootloader_sha.c.obj)
 .bss.bootloader_image_hdr
                0x40845770       0x18 esp-idf/bootloader_support/libbootloader_support.a(bootloader_init.c.obj)
                0x40845770                bootloader_image_hdr
 *(.gnu.linkonce.b.*)
 *(COMMON)
                0x40845788                        . = ALIGN (0x8)
                0x40845788                        _bss_end = ABSOLUTE (.)

.dram0.bootdesc
                0x40845790       0x50
                0x40845790                        _data_start = ABSOLUTE (.)
 *(.data_bootloader_desc .data_bootloader_desc.*)
 .data_bootloader_desc
                0x40845790       0x50 esp-idf/esp_bootloader_format/libesp_bootloader_format.a(esp_bootloader_desc.c.obj)
                0x40845790                esp_bootloader_desc

.dram0.data     0x408457e0        0x8
 *(.dram1 .dram1.*)
 *(.data)
 *(.data.*)
 *(.gnu.linkonce.d.*)
 *(.data1)
 *(.sdata)
 *(.sdata.*)
 .sdata.current_read_mapping
                0x408457e0        0x4 esp-idf/bootloader_support/libbootloader_support.a(bootloader_flash.c.obj)
 .sdata.offset_of_active_bootloader.0
                0x408457e4        0x4 esp-idf/esp_rom/libesp_rom.a(esp_rom_sys.c.obj)
 *(.gnu.linkonce.s.*)
 *(.gnu.linkonce.s2.*)
 *(.jcr)
                0x408457e8                        _data_end = ABSOLUTE (.)

.dram0.rodata   0x408457e8     0x169c
                0x408457e8                        _rodata_start = ABSOLUTE (.)
 *(.rodata)
 *(.rodata.*)
 .rodata.__assert_func.str1.4
                0x408457e8     0x154e esp-idf/bootloader_support/libbootloader_support.a(bootloader_panic.c.obj)
                                 0x22 (size before relaxing)
 .rodata.abort.str1.4
                0x40846d36        0x0 esp-idf/bootloader_support/libbootloader_support.a(bootloader_panic.c.obj)
                                 0x22 (size before relaxing)
 .rodata.call_start_cpu0.str1.4
                0x40846d36        0x0 esp-idf/main/libmain.a(bootloader_start.c.obj)
                                 0x31 (size before relaxing)
 .rodata.log_invalid_app_partition.str1.4
                0x40846d36        0x0 esp-idf/bootloader_support/libbootloader_support.a(bootloader_utility.c.obj)
                                 0x99 (size before relaxing)
 .rodata.try_load_partition.str1.4
                0x40846d36        0x0 esp-idf/bootloader_support/libbootloader_support.a(bootloader_utility.c.obj)
                                 0x37 (size before relaxing)
 .rodata.set_actual_ota_seq.str1.4
                0x40846d36        0x0 esp-idf/bootloader_support/libbootloader_support.a(bootloader_utility.c.obj)
                                 0x6e (size before relaxing)
 .rodata.load_image.str1.4
                0x40846d36        0x0 esp-idf/bootloader_support/libbootloader_support.a(bootloader_utility.c.obj)
                                 0x93 (size before relaxing)
 .rodata.bootloader_common_read_otadata.str1.4
                0x40846d36        0x0 esp-idf/bootloader_support/libbootloader_support.a(bootloader_utility.c.obj)
                                 0x7e (size before relaxing)
 .rodata.bootloader_utility_load_partition_table.str1.4
                0x40846d36        0x0 esp-idf/bootloader_support/libbootloader_support.a(bootloader_utility.c.obj)
                                0x1fc (size before relaxing)
 .rodata.bootloader_utility_get_selected_boot_partition.str1.4
                0x40846d36        0x0 esp-idf/bootloader_support/libbootloader_support.a(bootloader_utility.c.obj)
                                 0xec (size before relaxing)
 .rodata.bootloader_utility_load_boot_image.str1.4
                0x40846d36        0x0 esp-idf/bootloader_support/libbootloader_support.a(bootloader_utility.c.obj)
                                 0xc3 (size before relaxing)
 *fill*         0x40846d36        0x2 
 .rodata.__func__.0
                0x40846d38       0x10 esp-idf/bootloader_support/libbootloader_support.a(bootloader_utility.c.obj)
 .rodata.esp_partition_table_verify.str1.4
                0x40846d48        0x0 esp-idf/bootloader_support/libbootloader_support.a(flash_partitions.c.obj)
                                0x131 (size before relaxing)
 .rodata.bootloader_util_regions_overlap.str1.4
                0x40846d48        0x0 esp-idf/bootloader_support/libbootloader_support.a(esp_image_format.c.obj)
                                 0x5e (size before relaxing)
 .rodata.process_segments.str1.4
                0x40846d48        0x0 esp-idf/bootloader_support/libbootloader_support.a(esp_image_format.c.obj)
                                0x2f2 (size before relaxing)
 .rodata.image_load.str1.4
                0x40846d48        0x0 esp-idf/bootloader_support/libbootloader_support.a(esp_image_format.c.obj)
                                0x156 (size before relaxing)
 .rodata.__func__.0
                0x40846d48       0x20 esp-idf/bootloader_support/libbootloader_support.a(esp_image_format.c.obj)
 .rodata.__func__.1
                0x40846d68       0x16 esp-idf/bootloader_support/libbootloader_support.a(esp_image_format.c.obj)
 .rodata.bootloader_sha256_data.str1.4
                0x40846d7e        0x0 esp-idf/bootloader_support/libbootloader_support.a(bootloader_sha.c.obj)
                                 0x49 (size before relaxing)
 *fill*         0x40846d7e        0x2 
 .rodata.__func__.0
                0x40846d80       0x19 esp-idf/bootloader_support/libbootloader_support.a(bootloader_sha.c.obj)
 *fill*         0x40846d99        0x3 
 .rodata.__func__.1
                0x40846d9c       0x17 esp-idf/bootloader_support/libbootloader_support.a(bootloader_sha.c.obj)
 .rodata.bootloader_init.str1.4
                0x40846db3        0x0 esp-idf/bootloader_support/libbootloader_support.a(bootloader_esp32c61.c.obj)
                                 0xf8 (size before relaxing)
 *fill*         0x40846db3        0x1 
 .rodata.__func__.0
                0x40846db4       0x10 esp-idf/bootloader_support/libbootloader_support.a(bootloader_esp32c61.c.obj)
 .rodata.bootloader_common_check_chip_revision_validity.str1.4
                0x40846dc4        0x0 esp-idf/bootloader_support/libbootloader_support.a(bootloader_common_loader.c.obj)
                                 0xa3 (size before relaxing)
 .rodata.bootloader_common_check_efuse_blk_validity.str1.4
                0x40846dc4        0x0 esp-idf/bootloader_support/libbootloader_support.a(bootloader_common_loader.c.obj)
                                 0x98 (size before relaxing)
 .rodata.bootloader_common_check_chip_validity.str1.4
                0x40846dc4        0x0 esp-idf/bootloader_support/libbootloader_support.a(bootloader_common_loader.c.obj)
                                 0x35 (size before relaxing)
 .rodata.bootloader_fill_random.str1.4
                0x40846dc4        0x0 esp-idf/bootloader_support/libbootloader_support.a(bootloader_random.c.obj)
                                 0x4c (size before relaxing)
 .rodata.__func__.0
                0x40846dc4       0x17 esp-idf/bootloader_support/libbootloader_support.a(bootloader_random.c.obj)
 .rodata.bootloader_mmap.str1.4
                0x40846ddb        0x0 esp-idf/bootloader_support/libbootloader_support.a(bootloader_flash.c.obj)
                                 0x8d (size before relaxing)
 .rodata.bootloader_flash_read.str1.4
                0x40846ddb        0x0 esp-idf/bootloader_support/libbootloader_support.a(bootloader_flash.c.obj)
                                 0x5c (size before relaxing)
 .rodata.str1.4
                0x40846ddb        0x0 esp-idf/bootloader_support/libbootloader_support.a(bootloader_flash.c.obj)
                                 0xc8 (size before relaxing)
 .rodata.bootloader_flash_write.str1.4
                0x40846ddb        0x0 esp-idf/bootloader_support/libbootloader_support.a(bootloader_flash.c.obj)
                                 0xcc (size before relaxing)
 *fill*         0x40846ddb        0x1 
 .rodata.__func__.1
                0x40846ddc       0x1b esp-idf/bootloader_support/libbootloader_support.a(bootloader_flash.c.obj)
 *fill*         0x40846df7        0x1 
 .rodata.__func__.0
                0x40846df8       0x28 esp-idf/bootloader_support/libbootloader_support.a(bootloader_flash.c.obj)
 .rodata.bootloader_init_spi_flash.str1.4
                0x40846e20        0x0 esp-idf/bootloader_support/libbootloader_support.a(bootloader_flash_config_esp32c61.c.obj)
                                 0xf9 (size before relaxing)
 .rodata.bootloader_read_bootloader_header.str1.4
                0x40846e20        0x0 esp-idf/bootloader_support/libbootloader_support.a(bootloader_init.c.obj)
                                 0x3d (size before relaxing)
 .rodata.bootloader_check_bootloader_validity.str1.4
                0x40846e20        0x0 esp-idf/bootloader_support/libbootloader_support.a(bootloader_init.c.obj)
                                 0x4e (size before relaxing)
 .rodata.bootloader_enable_random.str1.4
                0x40846e20        0x0 esp-idf/bootloader_support/libbootloader_support.a(bootloader_init.c.obj)
                                 0x32 (size before relaxing)
 .rodata.bootloader_print_banner.str1.4
                0x40846e20        0x0 esp-idf/bootloader_support/libbootloader_support.a(bootloader_init.c.obj)
                                 0x4d (size before relaxing)
 .rodata.rtc_clk_init.str1.4
                0x40846e20        0x0 esp-idf/esp_hw_support/libesp_hw_support.a(rtc_clk_init.c.obj)
                                 0x39 (size before relaxing)
 .rodata.rtc_clk_cpu_freq_to_pll_160_mhz.str1.4
                0x40846e20        0x0 esp-idf/esp_hw_support/libesp_hw_support.a(rtc_clk.c.obj)
                                 0x7c (size before relaxing)
 .rodata.str1.4
                0x40846e20        0x0 esp-idf/esp_hw_support/libesp_hw_support.a(rtc_clk.c.obj)
                                 0x23 (size before relaxing)
 .rodata.rtc_clk_cpu_freq_get_config.str1.4
                0x40846e20        0x0 esp-idf/esp_hw_support/libesp_hw_support.a(rtc_clk.c.obj)
                                 0x39 (size before relaxing)
 .rodata.rtc_clk_apb_freq_get.str1.4
                0x40846e20        0x0 esp-idf/esp_hw_support/libesp_hw_support.a(rtc_clk.c.obj)
                                 0x22 (size before relaxing)
 .rodata.__func__.0
                0x40846e20       0x16 esp-idf/esp_hw_support/libesp_hw_support.a(rtc_clk.c.obj)
 *fill*         0x40846e36        0x2 
 .rodata.__func__.1
                0x40846e38       0x20 esp-idf/esp_hw_support/libesp_hw_support.a(rtc_clk.c.obj)
 .rodata.str1.4
                0x40846e58        0x0 esp-idf/esp_rom/libesp_rom.a(esp_rom_regi2c_esp32c61.c.obj)
                                 0x76 (size before relaxing)
 .rodata.__func__.2
                0x40846e58       0x17 esp-idf/esp_rom/libesp_rom.a(esp_rom_regi2c_esp32c61.c.obj)
 *fill*         0x40846e6f        0x1 
 .rodata.__func__.0
                0x40846e70       0x14 esp-idf/esp_rom/libesp_rom.a(esp_rom_regi2c_esp32c61.c.obj)
 *(.gnu.linkonce.r.*)
 *(.rodata1)
 *(.sdata2 .sdata2.* .srodata .srodata.*)
                0x40846e84                        __XT_EXCEPTION_TABLE_ = ABSOLUTE (.)
 *(.xt_except_table)
 *(.gcc_except_table)
 *(.gnu.linkonce.e.*)
 *(.gnu.version_r)
 *(.eh_frame_hdr)
 *(.eh_frame)
                0x40846e84                        . = ((. + 0x3) & 0xfffffffffffffffc)
                0x40846e84                        __init_array_start = ABSOLUTE (.)
 *crtbegin.*(.ctors)
 *(EXCLUDE_FILE(*crtend.*) .ctors)
 *(SORT_BY_NAME(.ctors.*))
 *(.ctors)
                0x40846e84                        __init_array_end = ABSOLUTE (.)
 *crtbegin.*(.dtors)
 *(EXCLUDE_FILE(*crtend.*) .dtors)
 *(SORT_BY_NAME(.dtors.*))
 *(.dtors)
                0x40846e84                        __XT_EXCEPTION_DESCS_ = ABSOLUTE (.)
 *(.xt_except_desc)
 *(.gnu.linkonce.h.*)
                0x40846e84                        __XT_EXCEPTION_DESCS_END__ = ABSOLUTE (.)
 *(.xt_except_desc_end)
 *(.dynamic)
 *(.gnu.version_d)
                0x40846e84                        _rodata_end = ABSOLUTE (.)
                0x40846e84                        _lit4_start = ABSOLUTE (.)
 *(*.lit4)
 *(.lit4.*)
 *(.gnu.linkonce.lit4.*)
                0x40846e84                        _lit4_end = ABSOLUTE (.)
                0x40846e84                        . = ALIGN (0x4)
                0x40846e84                        _dram_end = ABSOLUTE (.)

.iram.text      0x4083b970      0xd1a
                0x4083b970                        _stext = .
                0x4083b970                        _text_start = ABSOLUTE (.)
 *(.literal .text .literal.* .text.* .stub .gnu.warning .gnu.linkonce.literal.* .gnu.linkonce.t.*.literal .gnu.linkonce.t.*)
 .text.esp_bootloader_get_description
                0x4083b970        0xa esp-idf/esp_bootloader_format/libesp_bootloader_format.a(esp_bootloader_desc.c.obj)
                0x4083b970                esp_bootloader_get_description
 .text.call_start_cpu0
                0x4083b97a       0x82 esp-idf/main/libmain.a(bootloader_start.c.obj)
                0x4083b97a                call_start_cpu0
 .text.bootloader_init
                0x4083b9fc      0x18a esp-idf/bootloader_support/libbootloader_support.a(bootloader_esp32c61.c.obj)
                0x4083b9fc                bootloader_init
 .text.bootloader_clock_configure
                0x4083bb86      0x10a esp-idf/bootloader_support/libbootloader_support.a(bootloader_clock_init.c.obj)
                0x4083bb86                bootloader_clock_configure
 .text.bootloader_init_mem
                0x4083bc90        0x2 esp-idf/bootloader_support/libbootloader_support.a(bootloader_mem.c.obj)
                0x4083bc90                bootloader_init_mem
 .text.bootloader_flash_update_id
                0x4083bc92       0x1c esp-idf/bootloader_support/libbootloader_support.a(bootloader_flash_config_esp32c61.c.obj)
                0x4083bc92                bootloader_flash_update_id
 .text.bootloader_init_spi_flash
                0x4083bcae      0x23c esp-idf/bootloader_support/libbootloader_support.a(bootloader_flash_config_esp32c61.c.obj)
                0x4083bcae                bootloader_init_spi_flash
 .text.bootloader_clear_bss_section
                0x4083beea       0x1c esp-idf/bootloader_support/libbootloader_support.a(bootloader_init.c.obj)
                0x4083beea                bootloader_clear_bss_section
 .text.bootloader_read_bootloader_header
                0x4083bf06       0x3e esp-idf/bootloader_support/libbootloader_support.a(bootloader_init.c.obj)
                0x4083bf06                bootloader_read_bootloader_header
 .text.bootloader_check_bootloader_validity
                0x4083bf44       0x84 esp-idf/bootloader_support/libbootloader_support.a(bootloader_init.c.obj)
                0x4083bf44                bootloader_check_bootloader_validity
 .text.bootloader_config_wdt
                0x4083bfc8       0xb0 esp-idf/bootloader_support/libbootloader_support.a(bootloader_init.c.obj)
                0x4083bfc8                bootloader_config_wdt
 .text.bootloader_enable_random
                0x4083c078       0x2a esp-idf/bootloader_support/libbootloader_support.a(bootloader_init.c.obj)
                0x4083c078                bootloader_enable_random
 .text.bootloader_print_banner
                0x4083c0a2       0x56 esp-idf/bootloader_support/libbootloader_support.a(bootloader_init.c.obj)
                0x4083c0a2                bootloader_print_banner
 .text.bootloader_init_ext_mem
                0x4083c0f8       0x2c esp-idf/bootloader_support/libbootloader_support.a(bootloader_init.c.obj)
                0x4083c0f8                bootloader_init_ext_mem
 .text.bootloader_console_init
                0x4083c124       0xd4 esp-idf/bootloader_support/libbootloader_support.a(bootloader_console.c.obj)
                0x4083c124                bootloader_console_init
 .text.esp_cpu_configure_region_protection
                0x4083c1f8      0x216 esp-idf/esp_hw_support/libesp_hw_support.a(cpu_region_protect.c.obj)
                0x4083c1f8                esp_cpu_configure_region_protection
 .text.rtc_clk_init
                0x4083c40e      0x1dc esp-idf/esp_hw_support/libesp_hw_support.a(rtc_clk_init.c.obj)
                0x4083c40e                rtc_clk_init
 .text.get_act_hp_dbias
                0x4083c5ea       0x38 esp-idf/esp_hw_support/libesp_hw_support.a(pmu_param.c.obj)
                0x4083c5ea                get_act_hp_dbias
 .text.get_act_lp_dbias